
> client@0.0.0 build
> vite build

[36mvite v8.0.9 [32mbuilding client environment for production...[36m[39m
[2K
transforming...Γ£ô 60 modules transformed.
rendering chunks...
node.exe : [31mΓ£ù[39m 
Build failed in 660ms
At line:1 char:1
+ & "C:\Program 
Files\nodejs/node.exe" 
"C:\Program 
Files\nodejs/node_mo ...
+ ~~~~~~~~~~~~~~~~~~~~~~~~
~~~~~~~~~~~~~~~~~~~~~~~~~~
~~~~~~~~~~~~~~~~~~~
    + CategoryInfo        
      : NotSpecified: (  
  [31mΓ£ù[39m Build fa   
 iled in 660ms:String)    
 [], RemoteException
    + FullyQualifiedError 
   Id : NativeCommandErr  
  or
 
[31merror during build:
[31mBuild failed with 1 
error:

[31m[MISSING_EXPORT] 
Error:[0m "useConnectGoog
leAdsMutation" is not 
exported by "src/store/api
/usersApi.js".
   [38;5;246mΓò¡[0m[38;
5;246mΓöÇ[0m[38;5;246m[
[0m src/pages/ConnectGoogl
eAds.jsx:3:36 
[38;5;246m][0m
   [38;5;246mΓöé[0m
 [38;5;246m3 Γöé[0m [38
;5;249mi[0m[38;5;249mm[
0m[38;5;249mp[0m[38;5;2
49mo[0m[38;5;249mr[0m[
38;5;249mt[0m[38;5;249m 
[0m[38;5;249m{[0m[38;5
;249m [0m[38;5;249mu[0m
[38;5;249ms[0m[38;5;249
me[0m[38;5;249mG[0m[38
;5;249me[0m[38;5;249mt[
0m[38;5;249mA[0m[38;5;2
49mc[0m[38;5;249mc[0m[
38;5;249mo[0m[38;5;249mu
[0m[38;5;249mn[0m[38;5
;249mt[0m[38;5;249mS[0m
[38;5;249mt[0m[38;5;249
ma[0m[38;5;249mt[0m[38
;5;249mu[0m[38;5;249ms[
0m[38;5;249mQ[0m[38;5;2
49mu[0m[38;5;249me[0m[
38;5;249mr[0m[38;5;249my
[0m[38;5;249m,[0m[38;5
;249m [0museConnectGoogle
AdsMutation[38;5;249m,[0
m[38;5;249m [0m[38;5;24
9mu[0m[38;5;249ms[0m[3
8;5;249me[0m[38;5;249mS
[0m[38;5;249me[0m[38;5;
249me[0m[38;5;249md[0m
[38;5;249mD[0m[38;5;249m
e[0m[38;5;249mm[0m[38;
5;249mo[0m[38;5;249mD[0
m[38;5;249ma[0m[38;5;24
9mt[0m[38;5;249ma[0m[3
8;5;249mM[0m[38;5;249mu
[0m[38;5;249mt[0m[38;5;
249ma[0m[38;5;249mt[0m
[38;5;249mi[0m[38;5;249m
o[0m[38;5;249mn[0m[38;
5;249m [0m[38;5;249m}[0
m[38;5;249m [0m[38;5;24
9mf[0m[38;5;249mr[0m[3
8;5;249mo[0m[38;5;249mm
[0m[38;5;249m [0m[38;5;
249m"[0m[38;5;249m.[0m
[38;5;249m.[0m[38;5;249m
/[0m[38;5;249ms[0m[38;
5;249mt[0m[38;5;249mo[0
m[38;5;249mr[0m[38;5;24
9me[0m[38;5;249m/[0m[3
8;5;249ma[0m[38;5;249mp
[0m[38;5;249mi[0m[38;5;
249m/[0m[38;5;249mu[0m
[38;5;249ms[0m[38;5;249m
e[0m[38;5;249mr[0m[38;
5;249ms[0m[38;5;249mA[0
m[38;5;249mp[0m[38;5;24
9mi[0m[38;5;249m"[0m[3
8;5;249m;[0m
 [38;5;240m  Γöé[0m     
                          
     ΓöÇΓöÇΓöÇΓöÇΓöÇΓöÇΓöÇ
ΓöÇΓöÇΓöÇΓöÇΓöÇΓöÇΓö¼ΓöÇΓö
ÇΓöÇΓöÇΓöÇΓöÇΓöÇΓöÇΓöÇΓöÇΓ
öÇΓöÇΓöÇ  
 [38;5;240m  Γöé[0m     
                          
                  Γò░ΓöÇΓö
ÇΓöÇΓöÇΓöÇΓöÇΓöÇΓöÇΓöÇΓöÇΓ
öÇΓöÇΓöÇΓöÇΓöÇ Missing 
export
[38;5;246mΓöÇΓöÇΓöÇΓò»[0
m
[31m
    at aggregateBindingErr
orsIntoJsError (file:///D:
/Vibe/Adpilot/client/node_
modules/rolldown/dist/shar
ed/error-DAA7ncC5.mjs:48:1
8)
    at 
unwrapBindingResult (file:
///D:/Vibe/Adpilot/client/
node_modules/rolldown/dist
/shared/error-DAA7ncC5.mjs
:18:128)
    at #build (file:///D:/
Vibe/Adpilot/client/node_m
odules/rolldown/dist/share
d/rolldown-build-BPKCFYpX.
mjs:3317:34)
    at async 
buildEnvironment (file:///
D:/Vibe/Adpilot/client/nod
e_modules/vite/dist/node/c
hunks/node.js:32999:64)
    at async Object.build 
(file:///D:/Vibe/Adpilot/c
lient/node_modules/vite/di
st/node/chunks/node.js:334
21:19)
    at async 
Object.buildApp (file:///D
:/Vibe/Adpilot/client/node
_modules/vite/dist/node/ch
unks/node.js:33418:153)
    at async 
CAC.<anonymous> (file:///D
:/Vibe/Adpilot/client/node
_modules/vite/dist/node/cl
i.js:778:3) {
  errors: [Getter/Setter]
}[39m
